\s*[^/].*\<drand48\>\s*\(
\s*[^/].*\<erand48\>\s*\(
\s*[^/].*\<initstate\>\s*\(
\s*[^/].*\<jrand48\>\s*\(
\s*[^/].*\<lcong48\>\s*\(
\s*[^/].*\<lrand48\>\s*\(
\s*[^/].*\<mrand48\>\s*\(
\s*[^/].*\<nrand48\>\s*\(
\s*[^/].*\<random\>\s*\(
\s*[^/].*\<seed48\>\s*\(
\s*[^/].*\<setstate\>\s*\(
\s*[^/].*\<srand\>\s*\(
\s*[^/].*\<srand48\>\s*\(
\s*[^/].*\<strfry\>\s*\(
\s*[^/].*\<memfrob\>\s*\(
\s*[^/].*\<crypt\>\s*\(
\s*[^/].*\<srandom\>\s*\(
\s*[^/].*\<getpass\>\s*\(
\s*[^/].*\<getchar\>\s*\(
\s*[^/].*\<fgetc\>\s*\(
\s*[^/].*\<getc\>\s*\(
\s*[^/].*\<read\>\s*\(
\s*[^/].*\<tmpfile\>\s*\(
\s*[^/].*\<tmpnam\>\s*\(
\s*[^/].*\<tempnam\>\s*\(
\s*[^/].*\<signal\>\s*\(
\s*[^/].*\<gethostbyname\>\s*\(
\s*[^/].*\<gethostbyaddr\>\s*\(
\s*[^/].*\<realloc\>\s*\(
\s*[^/].*\<vfork\>\s*\(
\s*[^/].*\<realpath\>\s*\(
\s*[^/].*\<syslog\>\s*\(
\s*[^/].*\<getopt\>\s*\(
\s*[^/].*\<getopt_long\>\s*\(
\s*[^/].*\<catgets\>\s*\(
\s*[^/].*\<gettext\>\s*\(
\s*[^/].*\<CreateProcess\>\s*\(
\s*[^/].*\<CreateProcessAsUser\>\s*\(
\s*[^/].*\<CreateProcessWithLogon\>\s*\(
\s*[^/].*\<WinExec\>\s*\(
\s*[^/].*\<system\>\s*\(
\s*[^/].*\<popen\>\s*\(
\s*[^/].*\<getenv\>\s*\(
\s*[^/].*\<MultiByteToWideChar\>\s*\(
\s*[^/].*\<PathAddExtension\>\s*\(
\s*[^/].*\<PathAddExtensionA\>\s*\(
\s*[^/].*\<PathAddExtensionW\>\s*\(
\s*[^/].*\<PathAddBackslash\>\s*\(
\s*[^/].*\<PathAddBackslashA\>\s*\(
\s*[^/].*\<PathAddBackslashW\>\s*\(
\s*[^/].*\<PathAppend\>\s*\(
\s*[^/].*\<PathAppendA\>\s*\(
\s*[^/].*\<PathAppendW\>\s*\(
\s*[^/].*\<PathCanonicalize\>\s*\(
\s*[^/].*\<PathCanonicalizeA\>\s*\(
\s*[^/].*\<PathCanonicalizeW\>\s*\(
\s*[^/].*\<PathCombine\>\s*\(
\s*[^/].*\<PathCombineA\>\s*\(
\s*[^/].*\<PathCombineW\>\s*\(
\s*[^/].*\<LoadLibrary\>\s*\(
\s*[^/].*\<LoadLibraryA\>\s*\(
\s*[^/].*\<LoadLibraryW\>\s*\(
\s*[^/].*\<GetTempPath\>\s*\(
\s*[^/].*\<GetTempPathA\>\s*\(
\s*[^/].*\<GetTempPathW\>\s*\(
\s*[^/].*\<GetTempFileName\>\s*\(
\s*[^/].*\<GetTempFileNameA\>\s*\(
\s*[^/].*\<GetTempFileNameW\>\s*\(
\s*[^/].*\<ShellExecute\>\s*\(
\s*[^/].*\<ShellExecuteA\>\s*\(
\s*[^/].*\<ShellExecuteW\>\s*\(
\s*[^/].*\<ShellExecuteEx\>\s*\(
\s*[^/].*\<ShellExecuteExA\>\s*\(
\s*[^/].*\<ShellExecuteExW\>\s*\(
\s*[^/].*\<_wsystem\>\s*\(
\s*[^/].*\<_texecl\>\s*\(
   \s*[^/].*\< <td bgcolor="#FD9D82"><font style="font-size:14px"><b>_execl  - 中风险</b></font></td>\>\s*\(
\s*[^/].*\<_wexecl\>\s*\(
\s*[^/].*\<_texecle\>\s*\(
\s*[^/].*\<_execle\>\s*\(
\s*[^/].*\<_wexecle\>\s*\(
\s*[^/].*\<_texeclp\>\s*\(
\s*[^/].*\<_execlp\>\s*\(
\s*[^/].*\<_wexeclp\>\s*\(
\s*[^/].*\<_texeclpe\>\s*\(
\s*[^/].*\<_execlpe\>\s*\(
\s*[^/].*\<_wexeclpe\>\s*\(
\s*[^/].*\<_texecv\>\s*\(
\s*[^/].*\<_execv\>\s*\(
\s*[^/].*\<_wexecv\>\s*\(
\s*[^/].*\<_texecve\>\s*\(
\s*[^/].*\<_execve\>\s*\(
\s*[^/].*\<_wexecve\>\s*\(
\s*[^/].*\<_texecvp\>\s*\(
\s*[^/].*\<_execvp\>\s*\(
\s*[^/].*\<_wexecvp\>\s*\(
\s*[^/].*\<_texecvpe\>\s*\(
\s*[^/].*\<_execvpe\>\s*\(
\s*[^/].*\<_wexecvpe\>\s*\(
\s*[^/].*\<_tspawnl\>\s*\(
   \s*[^/].*\< <td bgcolor="#FD9D82"><font style="font-size:14px"><b>_spawnl  - 中风险</b></font></td>\>\s*\(
\s*[^/].*\<_wspawnl\>\s*\(
\s*[^/].*\<_tspawnle\>\s*\(
\s*[^/].*\<_spawnle\>\s*\(
\s*[^/].*\<_wspawnle\>\s*\(
\s*[^/].*\<_tspawnlp\>\s*\(
\s*[^/].*\<_spawnlp\>\s*\(
\s*[^/].*\<_wspawnlp\>\s*\(
\s*[^/].*\<_tspawnlpe\>\s*\(
\s*[^/].*\<_spawnlpe\>\s*\(
\s*[^/].*\<_wspawnlpe\>\s*\(
\s*[^/].*\<_tspawnv\>\s*\(
\s*[^/].*\<_spawnv\>\s*\(
\s*[^/].*\<_wspawnv\>\s*\(
\s*[^/].*\<_tspawnve\>\s*\(
\s*[^/].*\<_spawnve\>\s*\(
\s*[^/].*\<_wspawnve\>\s*\(
\s*[^/].*\<_tspawnvp\>\s*\(
\s*[^/].*\<_spawnvp\>\s*\(
\s*[^/].*\<_wspawnvp\>\s*\(
\s*[^/].*\<_tspawnvpe\>\s*\(
\s*[^/].*\<_spawnvpe\>\s*\(
\s*[^/].*\<_wspawnvpe\>\s*\(
\s*[^/].*\<RpcImpersonateClient\>\s*\(
\s*[^/].*\<ImpersonateLoggedOnUser\>\s*\(
\s*[^/].*\<CoImpersonateClient\>\s*\(
\s*[^/].*\<ImpersonateNamedPipeClient\>\s*\(
\s*[^/].*\<ImpersonateDdeClientWindow\>\s*\(
\s*[^/].*\<ImpersonateSecurityContext\>\s*\(
\s*[^/].*\<QuerySecurityContextToken\>\s*\(
\s*[^/].*\<SetThreadToken\>\s*\(
\s*[^/].*\<SetSecurityDescriptorDacl\>\s*\(
\s*[^/].*\<AfxLoadLibrary\>\s*\(
\s*[^/].*\<LoadLibraryEx\>\s*\(
\s*[^/].*\<EnterCriticalSection\>\s*\(
\s*[^/].*\<umask\>\s*\(
\s*[^/].*\<AddAccessAllowedAce\>\s*\(
